#-----------------------------------------------------------
# Vivado v2025.1 (64-bit)
# SW Build 6140274 on Wed May 21 22:58:25 MDT 2025
# IP Build 6138677 on Thu May 22 03:10:11 MDT 2025
# SharedData Build 6139179 on Tue May 20 17:58:58 MDT 2025
# Start of session at: Wed Oct 15 20:45:06 2025
# Process ID         : 3110660
# Current directory  : /home/cathyhu3/pz2
# Command line       : vivado
# Log file           : /home/cathyhu3/pz2/vivado.log
# Journal file       : /home/cathyhu3/pz2/vivado.jou
# Running On         : eecs-digital-33
# Platform           : Ubuntu
# Operating System   : Ubuntu 24.04.3 LTS
# Processor Detail   : 13th Gen Intel(R) Core(TM) i7-13700
# CPU Frequency      : 849.852 MHz
# CPU Physical cores : 16
# CPU Logical cores  : 24
# Host memory        : 33325 MB
# Swap memory        : 8589 MB
# Total Virtual      : 41915 MB
# Available Virtual  : 30761 MB
#-----------------------------------------------------------
start_gui
create_project lab6_skid /home/cathyhu3/pz2/rfsoc/lab6_skid -part xczu48dr-ffvg1517-2-e
set_property board_part realdigital.org:rfsoc4x2:part0:1.0 [current_project]
file mkdir /home/cathyhu3/pz2/rfsoc/lab6_skid/lab6_skid.srcs/constrs_1/new
close [ open /home/cathyhu3/pz2/rfsoc/lab6_skid/lab6_skid.srcs/constrs_1/new/base.xdc w ]
add_files -fileset constrs_1 /home/cathyhu3/pz2/rfsoc/lab6_skid/lab6_skid.srcs/constrs_1/new/base.xdc
create_bd_design "design_1"
update_compile_order -fileset sources_1
startgroup
create_bd_cell -type ip -vlnv xilinx.com:ip:zynq_ultra_ps_e:3.5 zynq_ultra_ps_e_0
endgroup
set_property -dict [list \
  CONFIG.PSU__USE__M_AXI_GP0 {1} \
  CONFIG.PSU__USE__M_AXI_GP1 {1} \
  CONFIG.PSU__USE__M_AXI_GP2 {0} \
  CONFIG.PSU__USE__S_AXI_GP0 {0} \
  CONFIG.PSU__USE__S_AXI_GP2 {1} \
] [get_bd_cells zynq_ultra_ps_e_0]
set_property CONFIG.PSU__CRL_APB__PL0_REF_CTRL__FREQMHZ {150} [get_bd_cells zynq_ultra_ps_e_0]
startgroup
create_bd_cell -type ip -vlnv xilinx.com:ip:axi_dma:7.1 axi_dma_0
endgroup
set_property -dict [list \
  CONFIG.c_include_mm2s {0} \
  CONFIG.c_include_sg {0} \
] [get_bd_cells axi_dma_0]
startgroup
create_bd_cell -type ip -vlnv xilinx.com:ip:usp_rf_data_converter:2.6 usp_rf_data_converter_0
endgroup
set_property -dict [list \
  CONFIG.ADC226_En {true} \
  CONFIG.ADC2_Clock_Dist {2} \
  CONFIG.Axiclk_Freq {150} \
  CONFIG.Converter_Setup {0} \
  CONFIG.mADC_CalOpt_Mode00 {2} \
  CONFIG.mADC_Data_Type00 {1} \
  CONFIG.mADC_Data_Width00 {1} \
  CONFIG.mADC_Decimation_Mode00 {10} \
  CONFIG.mADC_Mixer_Type00 {2} \
  CONFIG.mADC_PLL_Enable {true} \
  CONFIG.mADC_Refclk_Freq {491.520} \
  CONFIG.mADC_Sampling_Rate {1.47456} \
  CONFIG.mADC_Slice00_Enable {true} \
] [get_bd_cells usp_rf_data_converter_0]
startgroup
create_bd_cell -type ip -vlnv xilinx.com:ip:clk_wiz:6.0 clk_wiz_0
endgroup
set_property location {1 118 -846} [get_bd_cells clk_wiz_0]
set_property -dict [list \
  CONFIG.USE_LOCKED {false} \
  CONFIG.USE_RESET {false} \
] [get_bd_cells clk_wiz_0]
set_property -dict [list \
  CONFIG.CLKOUT1_DRIVES {Buffer} \
  CONFIG.CLKOUT1_JITTER {127.220} \
  CONFIG.CLKOUT1_PHASE_ERROR {105.461} \
  CONFIG.CLKOUT1_REQUESTED_OUT_FREQ {147.456} \
  CONFIG.CLKOUT2_DRIVES {Buffer} \
  CONFIG.CLKOUT3_DRIVES {Buffer} \
  CONFIG.CLKOUT4_DRIVES {Buffer} \
  CONFIG.CLKOUT5_DRIVES {Buffer} \
  CONFIG.CLKOUT6_DRIVES {Buffer} \
  CONFIG.CLKOUT7_DRIVES {Buffer} \
  CONFIG.MMCM_BANDWIDTH {OPTIMIZED} \
  CONFIG.MMCM_CLKFBOUT_MULT_F {9} \
  CONFIG.MMCM_CLKOUT0_DIVIDE_F {6} \
  CONFIG.MMCM_COMPENSATION {AUTO} \
  CONFIG.MMCM_DIVCLK_DIVIDE {1} \
  CONFIG.PRIMITIVE {PLL} \
  CONFIG.USE_LOCKED {false} \
  CONFIG.USE_RESET {false} \
] [get_bd_cells clk_wiz_0]
set_property -dict [list CONFIG.PRIM_IN_FREQ.VALUE_SRC USER] [get_bd_cells clk_wiz_0]
set_property -dict [list \
  CONFIG.CLKOUT1_DRIVES {Buffer} \
  CONFIG.CLKOUT1_JITTER {254.905} \
  CONFIG.CLKOUT1_PHASE_ERROR {353.931} \
  CONFIG.CLKOUT2_DRIVES {Buffer} \
  CONFIG.CLKOUT3_DRIVES {Buffer} \
  CONFIG.CLKOUT4_DRIVES {Buffer} \
  CONFIG.CLKOUT5_DRIVES {Buffer} \
  CONFIG.CLKOUT6_DRIVES {Buffer} \
  CONFIG.CLKOUT7_DRIVES {Buffer} \
  CONFIG.FEEDBACK_SOURCE {FDBK_AUTO} \
  CONFIG.MMCM_BANDWIDTH {OPTIMIZED} \
  CONFIG.MMCM_CLKFBOUT_MULT_F {104.000} \
  CONFIG.MMCM_CLKIN1_PERIOD {86.805} \
  CONFIG.MMCM_CLKIN2_PERIOD {10.0} \
  CONFIG.MMCM_CLKOUT0_DIVIDE_F {8.125} \
  CONFIG.MMCM_COMPENSATION {AUTO} \
  CONFIG.OPTIMIZE_CLOCKING_STRUCTURE_EN {true} \
  CONFIG.PRIMITIVE {Auto} \
  CONFIG.PRIM_IN_FREQ {11.52} \
] [get_bd_cells clk_wiz_0]
startgroup
connect_bd_net [get_bd_pins usp_rf_data_converter_0/adc2_clk_p] [get_bd_pins clk_wiz_0/clk_in1]
endgroup
delete_bd_objs [get_bd_nets Net]
connect_bd_net [get_bd_pins usp_rf_data_converter_0/clk_adc2] [get_bd_pins clk_wiz_0/clk_in1]
create_peripheral user.org user iq_packager 1.0 -dir /home/cathyhu3/pz2/rfsoc/ip_repo
add_peripheral_interface S00_AXIS -interface_mode slave -axi_type stream [ipx::find_open_core user.org:user:iq_packager:1.0]
add_peripheral_interface S01_AXIS -interface_mode slave -axi_type stream [ipx::find_open_core user.org:user:iq_packager:1.0]
add_peripheral_interface M00_AXIS -interface_mode master -axi_type stream [ipx::find_open_core user.org:user:iq_packager:1.0]
generate_peripheral [ipx::find_open_core user.org:user:iq_packager:1.0]
write_peripheral [ipx::find_open_core user.org:user:iq_packager:1.0]
set_property  ip_repo_paths  /home/cathyhu3/pz2/rfsoc/ip_repo/iq_packager_1_0 [current_project]
update_ip_catalog -rebuild
ipx::edit_ip_in_project -upgrade true -name edit_iq_packager_v1_0 -directory /home/cathyhu3/pz2/rfsoc/ip_repo /home/cathyhu3/pz2/rfsoc/ip_repo/iq_packager_1_0/component.xml
update_compile_order -fileset sources_1
ipx::merge_project_changes files [ipx::current_core]
ipx::merge_project_changes hdl_parameters [ipx::current_core]
ipx::update_checksums [ipx::current_core]
ipx::save_core [ipx::current_core]
set_property core_revision 2 [ipx::current_core]
ipx::update_source_project_archive -component [ipx::current_core]
ipx::create_xgui_files [ipx::current_core]
ipx::update_checksums [ipx::current_core]
ipx::check_integrity [ipx::current_core]
ipx::save_core [ipx::current_core]
ipx::move_temp_component_back -component [ipx::current_core]
close_project -delete
update_ip_catalog -rebuild -repo_path /home/cathyhu3/pz2/rfsoc/ip_repo/iq_packager_1_0
startgroup
create_bd_cell -type ip -vlnv xilinx.com:ip:axis_data_fifo:2.0 axis_data_fifo_0
endgroup
set_property -dict [list CONFIG.TDATA_NUM_BYTES.VALUE_SRC USER CONFIG.HAS_TLAST.VALUE_SRC USER] [get_bd_cells axis_data_fifo_0]
set_property -dict [list \
  CONFIG.FIFO_DEPTH {2048} \
  CONFIG.HAS_TLAST {1} \
  CONFIG.IS_ACLK_ASYNC {1} \
  CONFIG.TDATA_NUM_BYTES {4} \
] [get_bd_cells axis_data_fifo_0]
startgroup
create_bd_cell -type ip -vlnv xilinx.com:ip:proc_sys_reset:5.0 proc_sys_reset_0
endgroup
set_property location {1 59 -973} [get_bd_cells proc_sys_reset_0]
set_property location {5 1158 -652} [get_bd_cells proc_sys_reset_0]
set_property location {5 1640 -811} [get_bd_cells zynq_ultra_ps_e_0]
connect_bd_net [get_bd_pins zynq_ultra_ps_e_0/pl_resetn0] [get_bd_pins proc_sys_reset_0/ext_reset_in]
copy_bd_objs /  [get_bd_cells {proc_sys_reset_0}]
set_property location {4 1342 -454} [get_bd_cells proc_sys_reset_1]
connect_bd_net [get_bd_pins proc_sys_reset_1/ext_reset_in] [get_bd_pins zynq_ultra_ps_e_0/pl_resetn0]
connect_bd_net [get_bd_pins zynq_ultra_ps_e_0/pl_clk0] [get_bd_pins proc_sys_reset_0/slowest_sync_clk]
connect_bd_net [get_bd_pins clk_wiz_0/clk_out1] [get_bd_pins proc_sys_reset_1/slowest_sync_clk]
connect_bd_net [get_bd_pins usp_rf_data_converter_0/m2_axis_aclk] [get_bd_pins clk_wiz_0/clk_out1]
startgroup
create_bd_cell -type ip -vlnv user.org:user:iq_packager:1.0 iq_packager_0
endgroup
set_property location {3 641 -630} [get_bd_cells iq_packager_0]
connect_bd_net [get_bd_pins clk_wiz_0/clk_out1] [get_bd_pins iq_packager_0/s01_axis_aclk]
connect_bd_net [get_bd_pins iq_packager_0/s00_axis_aclk] [get_bd_pins clk_wiz_0/clk_out1]
connect_bd_net [get_bd_pins iq_packager_0/m00_axis_aclk] [get_bd_pins clk_wiz_0/clk_out1]
connect_bd_net [get_bd_pins zynq_ultra_ps_e_0/pl_clk0] [get_bd_pins axi_dma_0/m_axi_s2mm_aclk]
connect_bd_net [get_bd_pins axi_dma_0/s_axi_lite_aclk] [get_bd_pins zynq_ultra_ps_e_0/pl_clk0]
connect_bd_net [get_bd_pins axis_data_fifo_0/m_axis_aclk] [get_bd_pins zynq_ultra_ps_e_0/pl_clk0]
connect_bd_net [get_bd_pins usp_rf_data_converter_0/s_axi_aclk] [get_bd_pins zynq_ultra_ps_e_0/pl_clk0]
connect_bd_net [get_bd_pins zynq_ultra_ps_e_0/saxihp0_fpd_aclk] [get_bd_pins zynq_ultra_ps_e_0/pl_clk0]
connect_bd_net [get_bd_pins zynq_ultra_ps_e_0/maxihpm1_fpd_aclk] [get_bd_pins zynq_ultra_ps_e_0/pl_clk0]
connect_bd_net [get_bd_pins zynq_ultra_ps_e_0/maxihpm0_fpd_aclk] [get_bd_pins zynq_ultra_ps_e_0/pl_clk0]
save_bd_design
