Copyright 1986-2022 Xilinx, Inc. All Rights Reserved. Copyright 2022-2025 Advanced Micro Devices, Inc. All Rights Reserved.
--------------------------------------------------------------------------------------------------------------------------------------------------------------------------------------
| Tool Version : Vivado v.2025.1 (lin64) Build 6140274 Wed May 21 22:58:25 MDT 2025
| Date         : Mon Oct 27 22:03:15 2025
| Host         : eecs-digital-40 running 64-bit Ubuntu 24.04.3 LTS
| Command      : report_methodology -file design_1_wrapper_methodology_drc_routed.rpt -pb design_1_wrapper_methodology_drc_routed.pb -rpx design_1_wrapper_methodology_drc_routed.rpx
| Design       : design_1_wrapper
| Device       : xczu48dr-ffvg1517-2-e
| Speed File   : -2
| Design State : Fully Routed
--------------------------------------------------------------------------------------------------------------------------------------------------------------------------------------

Report Methodology

Table of Contents
-----------------
1. REPORT SUMMARY
2. REPORT DETAILS

1. REPORT SUMMARY
-----------------
            Netlist: netlist
          Floorplan: design_1
      Design limits: <entire design considered>
             Max checks: <unlimited>
             Checks found: 2
+----------+------------------+------------------------------------------------+--------+
| Rule     | Severity         | Description                                    | Checks |
+----------+------------------+------------------------------------------------+--------+
| TIMING-3 | Critical Warning | Invalid primary clock on Clock Modifying Block | 1      |
| CLKC-56  | Advisory         | MMCME4 with global clock driver has no LOC     | 1      |
+----------+------------------+------------------------------------------------+--------+

2. REPORT DETAILS
-----------------
TIMING-3#1 Critical Warning
Invalid primary clock on Clock Modifying Block  
A primary clock design_1_i/clk_wiz_0/inst/clk_in1 is created on the output pin or net design_1_i/clk_wiz_0/inst/clk_in1 of a Clock Modifying Block
Related violations: <none>

CLKC-56#1 Advisory
MMCME4 with global clock driver has no LOC  
The MMCME4_ADV cell design_1_i/clk_wiz_0/inst/mmcme4_adv_inst CLKIN1 or CLKIN2 pin is driven by global Clock buffer(s) design_1_i/usp_rf_data_converter_0/inst/i_design_1_usp_rf_data_converter_0_0_bufg_gt_ctrl/adc2_bufg_gt and does not have a LOC constraint. It is recommended to LOC the MMCM and use the CLOCK_DEDICATED_ROUTE constraint on the net(s) driven by the global Clock buffer(s).
Related violations: <none>


