#-----------------------------------------------------------
# Vivado v2025.1 (64-bit)
# SW Build 6140274 on Wed May 21 22:58:25 MDT 2025
# IP Build 6138677 on Thu May 22 03:10:11 MDT 2025
# SharedData Build 6139179 on Tue May 20 17:58:58 MDT 2025
# Start of session at: Tue Sep 30 15:57:34 2025
# Process ID         : 1454855
# Current directory  : /home/cathyhu3/lab3_fir/lab3_fir.runs/synth_1
# Command line       : vivado -log design_1_wrapper.vds -product Vivado -mode batch -messageDb vivado.pb -notrace -source design_1_wrapper.tcl
# Log file           : /home/cathyhu3/lab3_fir/lab3_fir.runs/synth_1/design_1_wrapper.vds
# Journal file       : /home/cathyhu3/lab3_fir/lab3_fir.runs/synth_1/vivado.jou
# Running On         : eecs-digital-48
# Platform           : Ubuntu
# Operating System   : Ubuntu 24.04.3 LTS
# Processor Detail   : AMD Ryzen 7 5825U with Radeon Graphics
# CPU Frequency      : 4170.744 MHz
# CPU Physical cores : 8
# CPU Logical cores  : 16
# Host memory        : 29342 MB
# Swap memory        : 8589 MB
# Total Virtual      : 37932 MB
# Available Virtual  : 13468 MB
#-----------------------------------------------------------
source design_1_wrapper.tcl -notrace
