#-----------------------------------------------------------
# Vivado v2025.1 (64-bit)
# SW Build 6140274 on Wed May 21 22:58:25 MDT 2025
# IP Build 6138677 on Thu May 22 03:10:11 MDT 2025
# SharedData Build 6139179 on Tue May 20 17:58:58 MDT 2025
# Start of session at: Sun Oct 26 20:48:34 2025
# Process ID         : 2658041
# Current directory  : /home/cathyhu3/s965/pz2/rfsoc
# Command line       : vivado
# Log file           : /home/cathyhu3/s965/pz2/rfsoc/vivado.log
# Journal file       : /home/cathyhu3/s965/pz2/rfsoc/vivado.jou
# Running On         : eecs-digital-40
# Platform           : Ubuntu
# Operating System   : Ubuntu 24.04.3 LTS
# Processor Detail   : AMD Ryzen 7 5825U with Radeon Graphics
# CPU Frequency      : 3531.682 MHz
# CPU Physical cores : 8
# CPU Logical cores  : 16
# Host memory        : 29342 MB
# Swap memory        : 8589 MB
# Total Virtual      : 37932 MB
# Available Virtual  : 27634 MB
#-----------------------------------------------------------
start_gui
open_project /home/cathyhu3/s965/pz2/rfsoc/lab7/lab6_skid.xpr
update_compile_order -fileset sources_1
open_bd_design {/home/cathyhu3/s965/pz2/rfsoc/lab7/lab6_skid.srcs/sources_1/bd/design_1/design_1.bd}
startgroup
set_property -dict [list \
  CONFIG.mADC_Outclk_Freq {64.000} \
  CONFIG.mADC_Refclk_Freq {491.520} \
  CONFIG.mADC_Sampling_Rate {1.024} \
] [get_bd_cells usp_rf_data_converter_0]
endgroup
startgroup
set_property CONFIG.mADC_Decimation_Mode00 {16} [get_bd_cells usp_rf_data_converter_0]
endgroup
startgroup
endgroup
delete_bd_objs [get_bd_nets usp_rf_data_converter_0_clk_adc2] [get_bd_cells clk_wiz_0]
undo
undo
undo
undo
redo
redo
redo
redo
startgroup
connect_bd_net [get_bd_pins usp_rf_data_converter_0/clk_adc2] [get_bd_pins proc_sys_reset_1/slowest_sync_clk]
endgroup
assign_bd_address
validate_bd_design
regenerate_bd_layout
startgroup
create_bd_cell -type ip -vlnv xilinx.com:ip:cic_compiler:4.0 cic_compiler_0
endgroup
set_property -dict [list CONFIG.Input_Data_Width.VALUE_SRC USER] [get_bd_cells cic_compiler_0]
set_property -dict [list \
  CONFIG.Clock_Frequency {64} \
  CONFIG.Filter_Type {Decimation} \
  CONFIG.Fixed_Or_Initial_Rate {256} \
  CONFIG.Input_Data_Width {16} \
  CONFIG.Input_Sample_Frequency {64} \
  CONFIG.Maximum_Rate {257} \
  CONFIG.Minimum_Rate {256} \
  CONFIG.Number_Of_Stages {4} \
  CONFIG.Output_Data_Width {49} \
  CONFIG.Quantization {Truncation} \
  CONFIG.SamplePeriod {1} \
  CONFIG.Sample_Rate_Changes {Programmable} \
] [get_bd_cells cic_compiler_0]
connect_bd_net [get_bd_pins usp_rf_data_converter_0/clk_adc2] [get_bd_pins cic_compiler_0/aclk]
startgroup
set_property -dict [list \
  CONFIG.Maximum_Rate {256} \
  CONFIG.Minimum_Rate {256} \
  CONFIG.Output_Data_Width {48} \
  CONFIG.Sample_Rate_Changes {Fixed} \
] [get_bd_cells cic_compiler_0]
endgroup
delete_bd_objs [get_bd_intf_nets usp_rf_data_converter_0_m20_axis]
delete_bd_objs [get_bd_intf_nets usp_rf_data_converter_0_m21_axis]
set_property location {7 2611 -7} [get_bd_cells cic_compiler_0]
connect_bd_intf_net [get_bd_intf_pins usp_rf_data_converter_0/m20_axis] [get_bd_intf_pins cic_compiler_0/S_AXIS_DATA]
connect_bd_intf_net [get_bd_intf_pins cic_compiler_0/M_AXIS_DATA] [get_bd_intf_pins iq_packager_0/S00_AXIS]
copy_bd_objs /  [get_bd_cells {cic_compiler_0}]
set_property location {7 2495 229} [get_bd_cells cic_compiler_1]
connect_bd_intf_net [get_bd_intf_pins usp_rf_data_converter_0/m21_axis] [get_bd_intf_pins cic_compiler_1/S_AXIS_DATA]
connect_bd_net [get_bd_pins cic_compiler_1/aclk] [get_bd_pins usp_rf_data_converter_0/clk_adc2]
connect_bd_intf_net [get_bd_intf_pins cic_compiler_1/M_AXIS_DATA] [get_bd_intf_pins iq_packager_0/S01_AXIS]
ipx::edit_ip_in_project -upgrade true -name iq_packager_v1_0_project -directory /home/cathyhu3/s965/pz2/rfsoc/lab7/lab6_skid.tmp/iq_packager_v1_0_project /home/cathyhu3/s965/pz2/rfsoc/ip_repo/iq_packager_1_0/component.xml
update_compile_order -fileset sources_1
close_project
startgroup
set_property CONFIG.C_M00_AXIS_START_COUNT {36} [get_bd_cells iq_packager_0]
endgroup
startgroup
set_property CONFIG.C_M00_AXIS_START_COUNT {32} [get_bd_cells iq_packager_0]
endgroup
ipx::edit_ip_in_project -upgrade true -name iq_packager_v1_0_project -directory /home/cathyhu3/s965/pz2/rfsoc/lab7/lab6_skid.tmp/iq_packager_v1_0_project /home/cathyhu3/s965/pz2/rfsoc/ip_repo/iq_packager_1_0/component.xml
update_compile_order -fileset sources_1
ipx::merge_project_changes hdl_parameters [ipx::current_core]
close_project
save_bd_design
