
*** Running vivado
    with args -log design_1_axi_smc_1_0.vds -m64 -product Vivado -mode batch -messageDb vivado.pb -notrace -source design_1_axi_smc_1_0.tcl


****** Vivado v2025.1 (64-bit)
  **** SW Build 6140274 on Wed May 21 22:58:25 MDT 2025
  **** IP Build 6138677 on Thu May 22 03:10:11 MDT 2025
  **** SharedData Build 6139179 on Tue May 20 17:58:58 MDT 2025
  **** Start of session at: Mon Nov  3 17:31:42 2025
    ** Copyright 1986-2022 Xilinx, Inc. All Rights Reserved.
    ** Copyright 2022-2025 Advanced Micro Devices, Inc. All Rights Reserved.

source design_1_axi_smc_1_0.tcl -notrace
INFO: [IP_Flow 19-234] Refreshing IP repositories
INFO: [IP_Flow 19-1700] Loaded user IP repository '/home/cathyhu3/s965/pz2/rfsoc/ip_repo/adsb_1_0'.
INFO: [IP_Flow 19-1700] Loaded user IP repository '/home/cathyhu3/s965/pz2/rfsoc/ip_repo/iq_packager_1_0'.
INFO: [IP_Flow 19-2313] Loaded Vivado IP repository '/tools/Xilinx/2025.1/Vivado/data/ip'.
Command: synth_design -top design_1_axi_smc_1_0 -part xczu48dr-ffvg1517-2-e -incremental_mode off -mode out_of_context
Starting synth_design
Attempting to get a license for feature 'Synthesis' and/or device 'xczu48dr'
INFO: [Common 17-349] Got license for feature 'Synthesis' and/or device 'xczu48dr'
INFO: [Device 21-403] Loading part xczu48dr-ffvg1517-2-e
INFO: [Synth 8-7079] Multithreading enabled for synth_design using a maximum of 7 processes.
INFO: [Synth 8-7078] Launching helper process for spawning children vivado processes
INFO: [Synth 8-7075] Helper process launched with PID 3746611
---------------------------------------------------------------------------------
Starting RTL Elaboration : Time (s): cpu = 00:00:04 ; elapsed = 00:00:04 . Memory (MB): peak = 2813.988 ; gain = 342.859 ; free physical = 2144 ; free virtual = 15109
---------------------------------------------------------------------------------
INFO: [Synth 8-6157] synthesizing module 'design_1_axi_smc_1_0' [/home/cathyhu3/s965/pz2/rfsoc/lab8_adsb/lab6_skid.gen/sources_1/bd/design_1/ip/design_1_axi_smc_1_0/synth/design_1_axi_smc_1_0.v:53]
INFO: [Synth 8-6157] synthesizing module 'bd_a878' [/home/cathyhu3/s965/pz2/rfsoc/lab8_adsb/lab6_skid.gen/sources_1/bd/design_1/ip/design_1_axi_smc_1_0/bd_0/synth/bd_a878.v:10]
INFO: [Synth 8-6157] synthesizing module 'clk_map_imp_G6MO4E' [/home/cathyhu3/s965/pz2/rfsoc/lab8_adsb/lab6_skid.gen/sources_1/bd/design_1/ip/design_1_axi_smc_1_0/bd_0/synth/bd_a878.v:414]
INFO: [Synth 8-6157] synthesizing module 'bd_a878_one_0' [/home/cathyhu3/s965/pz2/rfsoc/lab8_adsb/lab6_skid.gen/sources_1/bd/design_1/ip/design_1_axi_smc_1_0/bd_0/ip/ip_0/synth/bd_a878_one_0.v:53]
INFO: [Synth 8-6157] synthesizing module 'xlconstant_v1_1_10_xlconstant' [/home/cathyhu3/s965/pz2/rfsoc/lab8_adsb/lab6_skid.gen/sources_1/bd/design_1/ipshared/a165/hdl/xlconstant_v1_1_vl_rfs.v:68]
INFO: [Synth 8-6155] done synthesizing module 'xlconstant_v1_1_10_xlconstant' (0#1) [/home/cathyhu3/s965/pz2/rfsoc/lab8_adsb/lab6_skid.gen/sources_1/bd/design_1/ipshared/a165/hdl/xlconstant_v1_1_vl_rfs.v:68]
INFO: [Synth 8-6155] done synthesizing module 'bd_a878_one_0' (0#1) [/home/cathyhu3/s965/pz2/rfsoc/lab8_adsb/lab6_skid.gen/sources_1/bd/design_1/ip/design_1_axi_smc_1_0/bd_0/ip/ip_0/synth/bd_a878_one_0.v:53]
INFO: [Synth 8-638] synthesizing module 'bd_a878_psr_aclk_0' [/home/cathyhu3/s965/pz2/rfsoc/lab8_adsb/lab6_skid.gen/sources_1/bd/design_1/ip/design_1_axi_smc_1_0/bd_0/ip/ip_1/synth/bd_a878_psr_aclk_0.vhd:74]
	Parameter C_FAMILY bound to: zynquplus - type: string 
	Parameter C_EXT_RST_WIDTH bound to: 4 - type: integer 
	Parameter C_AUX_RST_WIDTH bound to: 1 - type: integer 
	Parameter C_EXT_RESET_HIGH bound to: 1'b0 
	Parameter C_AUX_RESET_HIGH bound to: 1'b0 
	Parameter C_NUM_BUS_RST bound to: 1 - type: integer 
	Parameter C_NUM_PERP_RST bound to: 1 - type: integer 
	Parameter C_NUM_INTERCONNECT_ARESETN bound to: 1 - type: integer 
	Parameter C_NUM_PERP_ARESETN bound to: 1 - type: integer 
INFO: [Synth 8-3491] module 'proc_sys_reset' declared at '/home/cathyhu3/s965/pz2/rfsoc/lab8_adsb/lab6_skid.gen/sources_1/bd/design_1/ipshared/9438/hdl/proc_sys_reset_v5_0_vh_rfs.vhd:1243' bound to instance 'U0' of component 'proc_sys_reset' [/home/cathyhu3/s965/pz2/rfsoc/lab8_adsb/lab6_skid.gen/sources_1/bd/design_1/ip/design_1_axi_smc_1_0/bd_0/ip/ip_1/synth/bd_a878_psr_aclk_0.vhd:139]
INFO: [Synth 8-638] synthesizing module 'proc_sys_reset' [/home/cathyhu3/s965/pz2/rfsoc/lab8_adsb/lab6_skid.gen/sources_1/bd/design_1/ipshared/9438/hdl/proc_sys_reset_v5_0_vh_rfs.vhd:1302]
	Parameter INIT bound to: 1'b1 
INFO: [Synth 8-113] binding component instance 'FDRE_inst' to cell 'FDRE' [/home/cathyhu3/s965/pz2/rfsoc/lab8_adsb/lab6_skid.gen/sources_1/bd/design_1/ipshared/9438/hdl/proc_sys_reset_v5_0_vh_rfs.vhd:1371]
	Parameter INIT bound to: 1'b1 
INFO: [Synth 8-113] binding component instance 'FDRE_BSR' to cell 'FDRE' [/home/cathyhu3/s965/pz2/rfsoc/lab8_adsb/lab6_skid.gen/sources_1/bd/design_1/ipshared/9438/hdl/proc_sys_reset_v5_0_vh_rfs.vhd:1387]
	Parameter INIT bound to: 1'b0 
INFO: [Synth 8-113] binding component instance 'FDRE_BSR_N' to cell 'FDRE' [/home/cathyhu3/s965/pz2/rfsoc/lab8_adsb/lab6_skid.gen/sources_1/bd/design_1/ipshared/9438/hdl/proc_sys_reset_v5_0_vh_rfs.vhd:1413]
	Parameter INIT bound to: 1'b1 
INFO: [Synth 8-113] binding component instance 'FDRE_PER' to cell 'FDRE' [/home/cathyhu3/s965/pz2/rfsoc/lab8_adsb/lab6_skid.gen/sources_1/bd/design_1/ipshared/9438/hdl/proc_sys_reset_v5_0_vh_rfs.vhd:1436]
	Parameter INIT bound to: 1'b0 
INFO: [Synth 8-113] binding component instance 'FDRE_PER_N' to cell 'FDRE' [/home/cathyhu3/s965/pz2/rfsoc/lab8_adsb/lab6_skid.gen/sources_1/bd/design_1/ipshared/9438/hdl/proc_sys_reset_v5_0_vh_rfs.vhd:1460]
INFO: [Synth 8-638] synthesizing module 'lpf' [/home/cathyhu3/s965/pz2/rfsoc/lab8_adsb/lab6_skid.gen/sources_1/bd/design_1/ipshared/9438/hdl/proc_sys_reset_v5_0_vh_rfs.vhd:821]
INFO: [Synth 8-3491] module 'SRL16' declared at '/tools/Xilinx/2025.1/Vivado/scripts/rt/data/unisim_comp_diablo.v:159762' bound to instance 'POR_SRL_I' of component 'SRL16' [/home/cathyhu3/s965/pz2/rfsoc/lab8_adsb/lab6_skid.gen/sources_1/bd/design_1/ipshared/9438/hdl/proc_sys_reset_v5_0_vh_rfs.vhd:873]
INFO: [Synth 8-6157] synthesizing module 'SRL16' [/tools/Xilinx/2025.1/Vivado/scripts/rt/data/unisim_comp_diablo.v:159762]
INFO: [Synth 8-6155] done synthesizing module 'SRL16' (0#1) [/tools/Xilinx/2025.1/Vivado/scripts/rt/data/unisim_comp_diablo.v:159762]
	Parameter DEST_SYNC_FF bound to: 4 - type: integer 
	Parameter INIT_SYNC_FF bound to: 0 - type: integer 
	Parameter SIM_ASSERT_CHK bound to: 0 - type: integer 
	Parameter SRC_INPUT_REG bound to: 0 - type: integer 
INFO: [Synth 8-3491] module 'xpm_cdc_single' declared at '/tools/Xilinx/2025.1/Vivado/data/ip/xpm/xpm_cdc/hdl/xpm_cdc.sv:152' bound to instance 'ACT_LO_EXT' of component 'xpm_cdc_single' [/home/cathyhu3/s965/pz2/rfsoc/lab8_adsb/lab6_skid.gen/sources_1/bd/design_1/ipshared/9438/hdl/proc_sys_reset_v5_0_vh_rfs.vhd:968]
INFO: [Synth 8-6157] synthesizing module 'xpm_cdc_single' [/tools/Xilinx/2025.1/Vivado/data/ip/xpm/xpm_cdc/hdl/xpm_cdc.sv:152]
INFO: [Synth 8-6155] done synthesizing module 'xpm_cdc_single' (0#1) [/tools/Xilinx/2025.1/Vivado/data/ip/xpm/xpm_cdc/hdl/xpm_cdc.sv:152]
	Parameter DEST_SYNC_FF bound to: 4 - type: integer 
	Parameter INIT_SYNC_FF bound to: 0 - type: integer 
	Parameter SIM_ASSERT_CHK bound to: 0 - type: integer 
	Parameter SRC_INPUT_REG bound to: 0 - type: integer 
INFO: [Synth 8-3491] module 'xpm_cdc_single' declared at '/tools/Xilinx/2025.1/Vivado/data/ip/xpm/xpm_cdc/hdl/xpm_cdc.sv:152' bound to instance 'ACT_LO_AUX' of component 'xpm_cdc_single' [/home/cathyhu3/s965/pz2/rfsoc/lab8_adsb/lab6_skid.gen/sources_1/bd/design_1/ipshared/9438/hdl/proc_sys_reset_v5_0_vh_rfs.vhd:1015]
INFO: [Synth 8-256] done synthesizing module 'lpf' (0#1) [/home/cathyhu3/s965/pz2/rfsoc/lab8_adsb/lab6_skid.gen/sources_1/bd/design_1/ipshared/9438/hdl/proc_sys_reset_v5_0_vh_rfs.vhd:821]
INFO: [Synth 8-638] synthesizing module 'sequence_psr' [/home/cathyhu3/s965/pz2/rfsoc/lab8_adsb/lab6_skid.gen/sources_1/bd/design_1/ipshared/9438/hdl/proc_sys_reset_v5_0_vh_rfs.vhd:304]
INFO: [Synth 8-638] synthesizing module 'upcnt_n' [/home/cathyhu3/s965/pz2/rfsoc/lab8_adsb/lab6_skid.gen/sources_1/bd/design_1/ipshared/9438/hdl/proc_sys_reset_v5_0_vh_rfs.vhd:126]
INFO: [Synth 8-256] done synthesizing module 'upcnt_n' (0#1) [/home/cathyhu3/s965/pz2/rfsoc/lab8_adsb/lab6_skid.gen/sources_1/bd/design_1/ipshared/9438/hdl/proc_sys_reset_v5_0_vh_rfs.vhd:126]
INFO: [Synth 8-256] done synthesizing module 'sequence_psr' (0#1) [/home/cathyhu3/s965/pz2/rfsoc/lab8_adsb/lab6_skid.gen/sources_1/bd/design_1/ipshared/9438/hdl/proc_sys_reset_v5_0_vh_rfs.vhd:304]
INFO: [Synth 8-256] done synthesizing module 'proc_sys_reset' (0#1) [/home/cathyhu3/s965/pz2/rfsoc/lab8_adsb/lab6_skid.gen/sources_1/bd/design_1/ipshared/9438/hdl/proc_sys_reset_v5_0_vh_rfs.vhd:1302]
INFO: [Synth 8-256] done synthesizing module 'bd_a878_psr_aclk_0' (0#1) [/home/cathyhu3/s965/pz2/rfsoc/lab8_adsb/lab6_skid.gen/sources_1/bd/design_1/ip/design_1_axi_smc_1_0/bd_0/ip/ip_1/synth/bd_a878_psr_aclk_0.vhd:74]
WARNING: [Synth 8-7071] port 'mb_reset' of module 'bd_a878_psr_aclk_0' is unconnected for instance 'psr_aclk' [/home/cathyhu3/s965/pz2/rfsoc/lab8_adsb/lab6_skid.gen/sources_1/bd/design_1/ip/design_1_axi_smc_1_0/bd_0/synth/bd_a878.v:446]
WARNING: [Synth 8-7071] port 'bus_struct_reset' of module 'bd_a878_psr_aclk_0' is unconnected for instance 'psr_aclk' [/home/cathyhu3/s965/pz2/rfsoc/lab8_adsb/lab6_skid.gen/sources_1/bd/design_1/ip/design_1_axi_smc_1_0/bd_0/synth/bd_a878.v:446]
WARNING: [Synth 8-7071] port 'peripheral_reset' of module 'bd_a878_psr_aclk_0' is unconnected for instance 'psr_aclk' [/home/cathyhu3/s965/pz2/rfsoc/lab8_adsb/lab6_skid.gen/sources_1/bd/design_1/ip/design_1_axi_smc_1_0/bd_0/synth/bd_a878.v:446]
WARNING: [Synth 8-7071] port 'peripheral_aresetn' of module 'bd_a878_psr_aclk_0' is unconnected for instance 'psr_aclk' [/home/cathyhu3/s965/pz2/rfsoc/lab8_adsb/lab6_skid.gen/sources_1/bd/design_1/ip/design_1_axi_smc_1_0/bd_0/synth/bd_a878.v:446]
WARNING: [Synth 8-7023] instance 'psr_aclk' of module 'bd_a878_psr_aclk_0' has 10 connections declared, but only 6 given [/home/cathyhu3/s965/pz2/rfsoc/lab8_adsb/lab6_skid.gen/sources_1/bd/design_1/ip/design_1_axi_smc_1_0/bd_0/synth/bd_a878.v:446]
INFO: [Synth 8-6155] done synthesizing module 'clk_map_imp_G6MO4E' (0#1) [/home/cathyhu3/s965/pz2/rfsoc/lab8_adsb/lab6_skid.gen/sources_1/bd/design_1/ip/design_1_axi_smc_1_0/bd_0/synth/bd_a878.v:414]
INFO: [Synth 8-6157] synthesizing module 'm00_exit_pipeline_imp_1I3LT8L' [/home/cathyhu3/s965/pz2/rfsoc/lab8_adsb/lab6_skid.gen/sources_1/bd/design_1/ip/design_1_axi_smc_1_0/bd_0/synth/bd_a878.v:455]
INFO: [Synth 8-6157] synthesizing module 'bd_a878_m00e_0' [/home/cathyhu3/s965/pz2/rfsoc/lab8_adsb/lab6_skid.gen/sources_1/bd/design_1/ip/design_1_axi_smc_1_0/bd_0/ip/ip_10/synth/bd_a878_m00e_0.sv:53]
INFO: [Synth 8-6157] synthesizing module 'xpm_cdc_async_rst' [/tools/Xilinx/2025.1/Vivado/data/ip/xpm/xpm_cdc/hdl/xpm_cdc.sv:1175]
INFO: [Synth 8-6155] done synthesizing module 'xpm_cdc_async_rst' (0#1) [/tools/Xilinx/2025.1/Vivado/data/ip/xpm/xpm_cdc/hdl/xpm_cdc.sv:1175]
INFO: [Synth 8-6155] done synthesizing module 'bd_a878_m00e_0' (0#1) [/home/cathyhu3/s965/pz2/rfsoc/lab8_adsb/lab6_skid.gen/sources_1/bd/design_1/ip/design_1_axi_smc_1_0/bd_0/ip/ip_10/synth/bd_a878_m00e_0.sv:53]
INFO: [Synth 8-6155] done synthesizing module 'm00_exit_pipeline_imp_1I3LT8L' (0#1) [/home/cathyhu3/s965/pz2/rfsoc/lab8_adsb/lab6_skid.gen/sources_1/bd/design_1/ip/design_1_axi_smc_1_0/bd_0/synth/bd_a878.v:455]
INFO: [Synth 8-6157] synthesizing module 'bd_a878_m00s2a_0' [/home/cathyhu3/s965/pz2/rfsoc/lab8_adsb/lab6_skid.gen/sources_1/bd/design_1/ip/design_1_axi_smc_1_0/bd_0/ip/ip_9/synth/bd_a878_m00s2a_0.sv:53]
INFO: [Synth 8-6155] done synthesizing module 'bd_a878_m00s2a_0' (0#1) [/home/cathyhu3/s965/pz2/rfsoc/lab8_adsb/lab6_skid.gen/sources_1/bd/design_1/ip/design_1_axi_smc_1_0/bd_0/ip/ip_9/synth/bd_a878_m00s2a_0.sv:53]
INFO: [Synth 8-6157] synthesizing module 'bd_a878_s00a2s_0' [/home/cathyhu3/s965/pz2/rfsoc/lab8_adsb/lab6_skid.gen/sources_1/bd/design_1/ip/design_1_axi_smc_1_0/bd_0/ip/ip_5/synth/bd_a878_s00a2s_0.sv:53]
INFO: [Synth 8-6155] done synthesizing module 'bd_a878_s00a2s_0' (0#1) [/home/cathyhu3/s965/pz2/rfsoc/lab8_adsb/lab6_skid.gen/sources_1/bd/design_1/ip/design_1_axi_smc_1_0/bd_0/ip/ip_5/synth/bd_a878_s00a2s_0.sv:53]
INFO: [Synth 8-6157] synthesizing module 's00_entry_pipeline_imp_I9HTTY' [/home/cathyhu3/s965/pz2/rfsoc/lab8_adsb/lab6_skid.gen/sources_1/bd/design_1/ip/design_1_axi_smc_1_0/bd_0/synth/bd_a878.v:625]
INFO: [Synth 8-6157] synthesizing module 'bd_a878_s00mmu_0' [/home/cathyhu3/s965/pz2/rfsoc/lab8_adsb/lab6_skid.gen/sources_1/bd/design_1/ip/design_1_axi_smc_1_0/bd_0/ip/ip_2/synth/bd_a878_s00mmu_0.sv:53]
INFO: [Synth 8-6155] done synthesizing module 'bd_a878_s00mmu_0' (0#1) [/home/cathyhu3/s965/pz2/rfsoc/lab8_adsb/lab6_skid.gen/sources_1/bd/design_1/ip/design_1_axi_smc_1_0/bd_0/ip/ip_2/synth/bd_a878_s00mmu_0.sv:53]
INFO: [Synth 8-6157] synthesizing module 'bd_a878_s00sic_0' [/home/cathyhu3/s965/pz2/rfsoc/lab8_adsb/lab6_skid.gen/sources_1/bd/design_1/ip/design_1_axi_smc_1_0/bd_0/ip/ip_4/synth/bd_a878_s00sic_0.sv:53]
INFO: [Synth 8-6155] done synthesizing module 'bd_a878_s00sic_0' (0#1) [/home/cathyhu3/s965/pz2/rfsoc/lab8_adsb/lab6_skid.gen/sources_1/bd/design_1/ip/design_1_axi_smc_1_0/bd_0/ip/ip_4/synth/bd_a878_s00sic_0.sv:53]
INFO: [Synth 8-6157] synthesizing module 'bd_a878_s00tr_0' [/home/cathyhu3/s965/pz2/rfsoc/lab8_adsb/lab6_skid.gen/sources_1/bd/design_1/ip/design_1_axi_smc_1_0/bd_0/ip/ip_3/synth/bd_a878_s00tr_0.sv:53]
INFO: [Synth 8-6155] done synthesizing module 'bd_a878_s00tr_0' (0#1) [/home/cathyhu3/s965/pz2/rfsoc/lab8_adsb/lab6_skid.gen/sources_1/bd/design_1/ip/design_1_axi_smc_1_0/bd_0/ip/ip_3/synth/bd_a878_s00tr_0.sv:53]
WARNING: [Synth 8-7071] port 'm_axi_awburst' of module 'bd_a878_s00tr_0' is unconnected for instance 's00_transaction_regulator' [/home/cathyhu3/s965/pz2/rfsoc/lab8_adsb/lab6_skid.gen/sources_1/bd/design_1/ip/design_1_axi_smc_1_0/bd_0/synth/bd_a878.v:882]
WARNING: [Synth 8-7023] instance 's00_transaction_regulator' of module 'bd_a878_s00tr_0' has 46 connections declared, but only 45 given [/home/cathyhu3/s965/pz2/rfsoc/lab8_adsb/lab6_skid.gen/sources_1/bd/design_1/ip/design_1_axi_smc_1_0/bd_0/synth/bd_a878.v:882]
INFO: [Synth 8-6155] done synthesizing module 's00_entry_pipeline_imp_I9HTTY' (0#1) [/home/cathyhu3/s965/pz2/rfsoc/lab8_adsb/lab6_skid.gen/sources_1/bd/design_1/ip/design_1_axi_smc_1_0/bd_0/synth/bd_a878.v:625]
INFO: [Synth 8-6157] synthesizing module 's00_nodes_imp_NF95JW' [/home/cathyhu3/s965/pz2/rfsoc/lab8_adsb/lab6_skid.gen/sources_1/bd/design_1/ip/design_1_axi_smc_1_0/bd_0/synth/bd_a878.v:930]
INFO: [Synth 8-6157] synthesizing module 'bd_a878_sawn_0' [/home/cathyhu3/s965/pz2/rfsoc/lab8_adsb/lab6_skid.gen/sources_1/bd/design_1/ip/design_1_axi_smc_1_0/bd_0/ip/ip_6/synth/bd_a878_sawn_0.sv:53]
INFO: [Synth 8-6157] synthesizing module 'xpm_memory_sdpram' [/tools/Xilinx/2025.1/Vivado/data/ip/xpm/xpm_memory/hdl/xpm_memory.sv:8994]
INFO: [Synth 8-6157] synthesizing module 'xpm_memory_base' [/tools/Xilinx/2025.1/Vivado/data/ip/xpm/xpm_memory/hdl/xpm_memory.sv:54]
INFO: [Synth 8-6155] done synthesizing module 'xpm_memory_base' (0#1) [/tools/Xilinx/2025.1/Vivado/data/ip/xpm/xpm_memory/hdl/xpm_memory.sv:54]
INFO: [Synth 8-6155] done synthesizing module 'xpm_memory_sdpram' (0#1) [/tools/Xilinx/2025.1/Vivado/data/ip/xpm/xpm_memory/hdl/xpm_memory.sv:8994]
INFO: [Synth 8-6155] done synthesizing module 'bd_a878_sawn_0' (0#1) [/home/cathyhu3/s965/pz2/rfsoc/lab8_adsb/lab6_skid.gen/sources_1/bd/design_1/ip/design_1_axi_smc_1_0/bd_0/ip/ip_6/synth/bd_a878_sawn_0.sv:53]
INFO: [Synth 8-6157] synthesizing module 'bd_a878_sbn_0' [/home/cathyhu3/s965/pz2/rfsoc/lab8_adsb/lab6_skid.gen/sources_1/bd/design_1/ip/design_1_axi_smc_1_0/bd_0/ip/ip_8/synth/bd_a878_sbn_0.sv:53]
INFO: [Synth 8-6157] synthesizing module 'xpm_memory_sdpram__parameterized0' [/tools/Xilinx/2025.1/Vivado/data/ip/xpm/xpm_memory/hdl/xpm_memory.sv:8994]
INFO: [Synth 8-6157] synthesizing module 'xpm_memory_base__parameterized0' [/tools/Xilinx/2025.1/Vivado/data/ip/xpm/xpm_memory/hdl/xpm_memory.sv:54]
INFO: [Synth 8-6155] done synthesizing module 'xpm_memory_base__parameterized0' (0#1) [/tools/Xilinx/2025.1/Vivado/data/ip/xpm/xpm_memory/hdl/xpm_memory.sv:54]
INFO: [Synth 8-6155] done synthesizing module 'xpm_memory_sdpram__parameterized0' (0#1) [/tools/Xilinx/2025.1/Vivado/data/ip/xpm/xpm_memory/hdl/xpm_memory.sv:8994]
INFO: [Synth 8-6155] done synthesizing module 'bd_a878_sbn_0' (0#1) [/home/cathyhu3/s965/pz2/rfsoc/lab8_adsb/lab6_skid.gen/sources_1/bd/design_1/ip/design_1_axi_smc_1_0/bd_0/ip/ip_8/synth/bd_a878_sbn_0.sv:53]
INFO: [Synth 8-6157] synthesizing module 'bd_a878_swn_0' [/home/cathyhu3/s965/pz2/rfsoc/lab8_adsb/lab6_skid.gen/sources_1/bd/design_1/ip/design_1_axi_smc_1_0/bd_0/ip/ip_7/synth/bd_a878_swn_0.sv:53]
INFO: [Synth 8-6157] synthesizing module 'xpm_memory_sdpram__parameterized1' [/tools/Xilinx/2025.1/Vivado/data/ip/xpm/xpm_memory/hdl/xpm_memory.sv:8994]
INFO: [Synth 8-6157] synthesizing module 'xpm_memory_base__parameterized1' [/tools/Xilinx/2025.1/Vivado/data/ip/xpm/xpm_memory/hdl/xpm_memory.sv:54]
INFO: [Synth 8-6155] done synthesizing module 'xpm_memory_base__parameterized1' (0#1) [/tools/Xilinx/2025.1/Vivado/data/ip/xpm/xpm_memory/hdl/xpm_memory.sv:54]
INFO: [Synth 8-6155] done synthesizing module 'xpm_memory_sdpram__parameterized1' (0#1) [/tools/Xilinx/2025.1/Vivado/data/ip/xpm/xpm_memory/hdl/xpm_memory.sv:8994]
INFO: [Synth 8-6155] done synthesizing module 'bd_a878_swn_0' (0#1) [/home/cathyhu3/s965/pz2/rfsoc/lab8_adsb/lab6_skid.gen/sources_1/bd/design_1/ip/design_1_axi_smc_1_0/bd_0/ip/ip_7/synth/bd_a878_swn_0.sv:53]
INFO: [Synth 8-6155] done synthesizing module 's00_nodes_imp_NF95JW' (0#1) [/home/cathyhu3/s965/pz2/rfsoc/lab8_adsb/lab6_skid.gen/sources_1/bd/design_1/ip/design_1_axi_smc_1_0/bd_0/synth/bd_a878.v:930]
INFO: [Synth 8-6155] done synthesizing module 'bd_a878' (0#1) [/home/cathyhu3/s965/pz2/rfsoc/lab8_adsb/lab6_skid.gen/sources_1/bd/design_1/ip/design_1_axi_smc_1_0/bd_0/synth/bd_a878.v:10]
INFO: [Synth 8-6155] done synthesizing module 'design_1_axi_smc_1_0' (0#1) [/home/cathyhu3/s965/pz2/rfsoc/lab8_adsb/lab6_skid.gen/sources_1/bd/design_1/ip/design_1_axi_smc_1_0/synth/design_1_axi_smc_1_0.v:53]
WARNING: [Synth 8-3848] Net aresetn_out in module/entity clk_map_imp_G6MO4E does not have driver. [/home/cathyhu3/s965/pz2/rfsoc/lab8_adsb/lab6_skid.gen/sources_1/bd/design_1/ip/design_1_axi_smc_1_0/bd_0/synth/bd_a878.v:430]
INFO: [Synth 8-4490] FSM extraction disabled for register 'gen_pipelined.state_reg' through user attribute
INFO: [Synth 8-4490] FSM extraction disabled for register 'gen_pipelined.state_reg' through user attribute
INFO: [Synth 8-4490] FSM extraction disabled for register 'gen_pipelined.state_reg' through user attribute
WARNING: [Synth 8-7129] Port din[0] in module sc_util_v1_0_4_onehot_to_binary is either unconnected or has no load
WARNING: [Synth 8-7129] Port aclk in module sc_util_v1_0_4_pipeline__parameterized0 is either unconnected or has no load
WARNING: [Synth 8-7129] Port aclken in module sc_util_v1_0_4_pipeline__parameterized0 is either unconnected or has no load
WARNING: [Synth 8-7129] Port areset in module sc_util_v1_0_4_pipeline__parameterized0 is either unconnected or has no load
WARNING: [Synth 8-7129] Port sleep in module xpm_memory_base__parameterized1 is either unconnected or has no load
WARNING: [Synth 8-7129] Port rsta in module xpm_memory_base__parameterized1 is either unconnected or has no load
WARNING: [Synth 8-7129] Port regcea in module xpm_memory_base__parameterized1 is either unconnected or has no load
WARNING: [Synth 8-7129] Port injectsbiterra in module xpm_memory_base__parameterized1 is either unconnected or has no load
WARNING: [Synth 8-7129] Port injectdbiterra in module xpm_memory_base__parameterized1 is either unconnected or has no load
WARNING: [Synth 8-7129] Port clkb in module xpm_memory_base__parameterized1 is either unconnected or has no load
WARNING: [Synth 8-7129] Port regceb in module xpm_memory_base__parameterized1 is either unconnected or has no load
WARNING: [Synth 8-7129] Port web[0] in module xpm_memory_base__parameterized1 is either unconnected or has no load
WARNING: [Synth 8-7129] Port dinb[177] in module xpm_memory_base__parameterized1 is either unconnected or has no load
WARNING: [Synth 8-7129] Port dinb[176] in module xpm_memory_base__parameterized1 is either unconnected or has no load
WARNING: [Synth 8-7129] Port dinb[175] in module xpm_memory_base__parameterized1 is either unconnected or has no load
WARNING: [Synth 8-7129] Port dinb[174] in module xpm_memory_base__parameterized1 is either unconnected or has no load
WARNING: [Synth 8-7129] Port dinb[173] in module xpm_memory_base__parameterized1 is either unconnected or has no load
WARNING: [Synth 8-7129] Port dinb[172] in module xpm_memory_base__parameterized1 is either unconnected or has no load
WARNING: [Synth 8-7129] Port dinb[171] in module xpm_memory_base__parameterized1 is either unconnected or has no load
WARNING: [Synth 8-7129] Port dinb[170] in module xpm_memory_base__parameterized1 is either unconnected or has no load
WARNING: [Synth 8-7129] Port dinb[169] in module xpm_memory_base__parameterized1 is either unconnected or has no load
WARNING: [Synth 8-7129] Port dinb[168] in module xpm_memory_base__parameterized1 is either unconnected or has no load
WARNING: [Synth 8-7129] Port dinb[167] in module xpm_memory_base__parameterized1 is either unconnected or has no load
WARNING: [Synth 8-7129] Port dinb[166] in module xpm_memory_base__parameterized1 is either unconnected or has no load
WARNING: [Synth 8-7129] Port dinb[165] in module xpm_memory_base__parameterized1 is either unconnected or has no load
WARNING: [Synth 8-7129] Port dinb[164] in module xpm_memory_base__parameterized1 is either unconnected or has no load
WARNING: [Synth 8-7129] Port dinb[163] in module xpm_memory_base__parameterized1 is either unconnected or has no load
WARNING: [Synth 8-7129] Port dinb[162] in module xpm_memory_base__parameterized1 is either unconnected or has no load
WARNING: [Synth 8-7129] Port dinb[161] in module xpm_memory_base__parameterized1 is either unconnected or has no load
WARNING: [Synth 8-7129] Port dinb[160] in module xpm_memory_base__parameterized1 is either unconnected or has no load
WARNING: [Synth 8-7129] Port dinb[159] in module xpm_memory_base__parameterized1 is either unconnected or has no load
WARNING: [Synth 8-7129] Port dinb[158] in module xpm_memory_base__parameterized1 is either unconnected or has no load
WARNING: [Synth 8-7129] Port dinb[157] in module xpm_memory_base__parameterized1 is either unconnected or has no load
WARNING: [Synth 8-7129] Port dinb[156] in module xpm_memory_base__parameterized1 is either unconnected or has no load
WARNING: [Synth 8-7129] Port dinb[155] in module xpm_memory_base__parameterized1 is either unconnected or has no load
WARNING: [Synth 8-7129] Port dinb[154] in module xpm_memory_base__parameterized1 is either unconnected or has no load
WARNING: [Synth 8-7129] Port dinb[153] in module xpm_memory_base__parameterized1 is either unconnected or has no load
WARNING: [Synth 8-7129] Port dinb[152] in module xpm_memory_base__parameterized1 is either unconnected or has no load
WARNING: [Synth 8-7129] Port dinb[151] in module xpm_memory_base__parameterized1 is either unconnected or has no load
WARNING: [Synth 8-7129] Port dinb[150] in module xpm_memory_base__parameterized1 is either unconnected or has no load
WARNING: [Synth 8-7129] Port dinb[149] in module xpm_memory_base__parameterized1 is either unconnected or has no load
WARNING: [Synth 8-7129] Port dinb[148] in module xpm_memory_base__parameterized1 is either unconnected or has no load
WARNING: [Synth 8-7129] Port dinb[147] in module xpm_memory_base__parameterized1 is either unconnected or has no load
WARNING: [Synth 8-7129] Port dinb[146] in module xpm_memory_base__parameterized1 is either unconnected or has no load
WARNING: [Synth 8-7129] Port dinb[145] in module xpm_memory_base__parameterized1 is either unconnected or has no load
WARNING: [Synth 8-7129] Port dinb[144] in module xpm_memory_base__parameterized1 is either unconnected or has no load
WARNING: [Synth 8-7129] Port dinb[143] in module xpm_memory_base__parameterized1 is either unconnected or has no load
WARNING: [Synth 8-7129] Port dinb[142] in module xpm_memory_base__parameterized1 is either unconnected or has no load
WARNING: [Synth 8-7129] Port dinb[141] in module xpm_memory_base__parameterized1 is either unconnected or has no load
WARNING: [Synth 8-7129] Port dinb[140] in module xpm_memory_base__parameterized1 is either unconnected or has no load
WARNING: [Synth 8-7129] Port dinb[139] in module xpm_memory_base__parameterized1 is either unconnected or has no load
WARNING: [Synth 8-7129] Port dinb[138] in module xpm_memory_base__parameterized1 is either unconnected or has no load
WARNING: [Synth 8-7129] Port dinb[137] in module xpm_memory_base__parameterized1 is either unconnected or has no load
WARNING: [Synth 8-7129] Port dinb[136] in module xpm_memory_base__parameterized1 is either unconnected or has no load
WARNING: [Synth 8-7129] Port dinb[135] in module xpm_memory_base__parameterized1 is either unconnected or has no load
WARNING: [Synth 8-7129] Port dinb[134] in module xpm_memory_base__parameterized1 is either unconnected or has no load
WARNING: [Synth 8-7129] Port dinb[133] in module xpm_memory_base__parameterized1 is either unconnected or has no load
WARNING: [Synth 8-7129] Port dinb[132] in module xpm_memory_base__parameterized1 is either unconnected or has no load
WARNING: [Synth 8-7129] Port dinb[131] in module xpm_memory_base__parameterized1 is either unconnected or has no load
WARNING: [Synth 8-7129] Port dinb[130] in module xpm_memory_base__parameterized1 is either unconnected or has no load
WARNING: [Synth 8-7129] Port dinb[129] in module xpm_memory_base__parameterized1 is either unconnected or has no load
WARNING: [Synth 8-7129] Port dinb[128] in module xpm_memory_base__parameterized1 is either unconnected or has no load
WARNING: [Synth 8-7129] Port dinb[127] in module xpm_memory_base__parameterized1 is either unconnected or has no load
WARNING: [Synth 8-7129] Port dinb[126] in module xpm_memory_base__parameterized1 is either unconnected or has no load
WARNING: [Synth 8-7129] Port dinb[125] in module xpm_memory_base__parameterized1 is either unconnected or has no load
WARNING: [Synth 8-7129] Port dinb[124] in module xpm_memory_base__parameterized1 is either unconnected or has no load
WARNING: [Synth 8-7129] Port dinb[123] in module xpm_memory_base__parameterized1 is either unconnected or has no load
WARNING: [Synth 8-7129] Port dinb[122] in module xpm_memory_base__parameterized1 is either unconnected or has no load
WARNING: [Synth 8-7129] Port dinb[121] in module xpm_memory_base__parameterized1 is either unconnected or has no load
WARNING: [Synth 8-7129] Port dinb[120] in module xpm_memory_base__parameterized1 is either unconnected or has no load
WARNING: [Synth 8-7129] Port dinb[119] in module xpm_memory_base__parameterized1 is either unconnected or has no load
WARNING: [Synth 8-7129] Port dinb[118] in module xpm_memory_base__parameterized1 is either unconnected or has no load
WARNING: [Synth 8-7129] Port dinb[117] in module xpm_memory_base__parameterized1 is either unconnected or has no load
WARNING: [Synth 8-7129] Port dinb[116] in module xpm_memory_base__parameterized1 is either unconnected or has no load
WARNING: [Synth 8-7129] Port dinb[115] in module xpm_memory_base__parameterized1 is either unconnected or has no load
WARNING: [Synth 8-7129] Port dinb[114] in module xpm_memory_base__parameterized1 is either unconnected or has no load
WARNING: [Synth 8-7129] Port dinb[113] in module xpm_memory_base__parameterized1 is either unconnected or has no load
WARNING: [Synth 8-7129] Port dinb[112] in module xpm_memory_base__parameterized1 is either unconnected or has no load
WARNING: [Synth 8-7129] Port dinb[111] in module xpm_memory_base__parameterized1 is either unconnected or has no load
WARNING: [Synth 8-7129] Port dinb[110] in module xpm_memory_base__parameterized1 is either unconnected or has no load
WARNING: [Synth 8-7129] Port dinb[109] in module xpm_memory_base__parameterized1 is either unconnected or has no load
WARNING: [Synth 8-7129] Port dinb[108] in module xpm_memory_base__parameterized1 is either unconnected or has no load
WARNING: [Synth 8-7129] Port dinb[107] in module xpm_memory_base__parameterized1 is either unconnected or has no load
WARNING: [Synth 8-7129] Port dinb[106] in module xpm_memory_base__parameterized1 is either unconnected or has no load
WARNING: [Synth 8-7129] Port dinb[105] in module xpm_memory_base__parameterized1 is either unconnected or has no load
WARNING: [Synth 8-7129] Port dinb[104] in module xpm_memory_base__parameterized1 is either unconnected or has no load
WARNING: [Synth 8-7129] Port dinb[103] in module xpm_memory_base__parameterized1 is either unconnected or has no load
WARNING: [Synth 8-7129] Port dinb[102] in module xpm_memory_base__parameterized1 is either unconnected or has no load
WARNING: [Synth 8-7129] Port dinb[101] in module xpm_memory_base__parameterized1 is either unconnected or has no load
WARNING: [Synth 8-7129] Port dinb[100] in module xpm_memory_base__parameterized1 is either unconnected or has no load
WARNING: [Synth 8-7129] Port dinb[99] in module xpm_memory_base__parameterized1 is either unconnected or has no load
WARNING: [Synth 8-7129] Port dinb[98] in module xpm_memory_base__parameterized1 is either unconnected or has no load
WARNING: [Synth 8-7129] Port dinb[97] in module xpm_memory_base__parameterized1 is either unconnected or has no load
WARNING: [Synth 8-7129] Port dinb[96] in module xpm_memory_base__parameterized1 is either unconnected or has no load
WARNING: [Synth 8-7129] Port dinb[95] in module xpm_memory_base__parameterized1 is either unconnected or has no load
WARNING: [Synth 8-7129] Port dinb[94] in module xpm_memory_base__parameterized1 is either unconnected or has no load
WARNING: [Synth 8-7129] Port dinb[93] in module xpm_memory_base__parameterized1 is either unconnected or has no load
WARNING: [Synth 8-7129] Port dinb[92] in module xpm_memory_base__parameterized1 is either unconnected or has no load
WARNING: [Synth 8-7129] Port dinb[91] in module xpm_memory_base__parameterized1 is either unconnected or has no load
WARNING: [Synth 8-7129] Port dinb[90] in module xpm_memory_base__parameterized1 is either unconnected or has no load
INFO: [Common 17-14] Message 'Synth 8-7129' appears 100 times and further instances of the messages will be disabled. Use the Tcl command set_msg_config to change the current settings.
---------------------------------------------------------------------------------
Finished RTL Elaboration : Time (s): cpu = 00:00:07 ; elapsed = 00:00:07 . Memory (MB): peak = 2957.926 ; gain = 486.797 ; free physical = 1887 ; free virtual = 14858
---------------------------------------------------------------------------------
---------------------------------------------------------------------------------
Start Handling Custom Attributes
---------------------------------------------------------------------------------
---------------------------------------------------------------------------------
Finished Handling Custom Attributes : Time (s): cpu = 00:00:07 ; elapsed = 00:00:07 . Memory (MB): peak = 2963.863 ; gain = 492.734 ; free physical = 1892 ; free virtual = 14863
---------------------------------------------------------------------------------
---------------------------------------------------------------------------------
Finished RTL Optimization Phase 1 : Time (s): cpu = 00:00:07 ; elapsed = 00:00:07 . Memory (MB): peak = 2963.863 ; gain = 492.734 ; free physical = 1892 ; free virtual = 14863
---------------------------------------------------------------------------------
Netlist sorting complete. Time (s): cpu = 00:00:00.46 ; elapsed = 00:00:00.45 . Memory (MB): peak = 2974.832 ; gain = 0.000 ; free physical = 1872 ; free virtual = 14844
INFO: [Netlist 29-17] Analyzing 1 Unisim elements for replacement
INFO: [Netlist 29-28] Unisim Transformation completed in 0 CPU seconds
INFO: [Project 1-570] Preparing netlist for logic optimization

Processing XDC Constraints
Initializing timing engine
Parsing XDC File [/home/cathyhu3/s965/pz2/rfsoc/lab8_adsb/lab6_skid.gen/sources_1/bd/design_1/ip/design_1_axi_smc_1_0/ooc.xdc] for cell 'inst'
Finished Parsing XDC File [/home/cathyhu3/s965/pz2/rfsoc/lab8_adsb/lab6_skid.gen/sources_1/bd/design_1/ip/design_1_axi_smc_1_0/ooc.xdc] for cell 'inst'
Parsing XDC File [/home/cathyhu3/s965/pz2/rfsoc/lab8_adsb/lab6_skid.gen/sources_1/bd/design_1/ip/design_1_axi_smc_1_0/bd_0/ip/ip_1/bd_a878_psr_aclk_0_board.xdc] for cell 'inst/clk_map/psr_aclk/U0'
Finished Parsing XDC File [/home/cathyhu3/s965/pz2/rfsoc/lab8_adsb/lab6_skid.gen/sources_1/bd/design_1/ip/design_1_axi_smc_1_0/bd_0/ip/ip_1/bd_a878_psr_aclk_0_board.xdc] for cell 'inst/clk_map/psr_aclk/U0'
Parsing XDC File [/home/cathyhu3/s965/pz2/rfsoc/lab8_adsb/lab6_skid.gen/sources_1/bd/design_1/ip/design_1_axi_smc_1_0/smartconnect.xdc] for cell 'inst'
Finished Parsing XDC File [/home/cathyhu3/s965/pz2/rfsoc/lab8_adsb/lab6_skid.gen/sources_1/bd/design_1/ip/design_1_axi_smc_1_0/smartconnect.xdc] for cell 'inst'
Parsing XDC File [/home/cathyhu3/s965/pz2/rfsoc/lab8_adsb/lab6_skid.runs/design_1_axi_smc_1_0_synth_1/dont_touch.xdc]
Finished Parsing XDC File [/home/cathyhu3/s965/pz2/rfsoc/lab8_adsb/lab6_skid.runs/design_1_axi_smc_1_0_synth_1/dont_touch.xdc]
INFO: [Project 1-236] Implementation specific constraints were found while reading constraint file [/tools/Xilinx/2025.1/Vivado/data/ip/xpm/xpm_cdc/tcl/xpm_cdc_single.tcl]. These constraints will be ignored for synthesis but will be used in implementation. Impacted constraints are listed in the file [.Xil/design_1_axi_smc_1_0_propImpl.xdc].
Resolution: To avoid this warning, move constraints listed in [.Xil/design_1_axi_smc_1_0_propImpl.xdc] to another XDC file and exclude this new file from synthesis with the used_in_synthesis property (File Properties dialog in GUI) and re-run elaboration/synthesis.
INFO: [Project 1-236] Implementation specific constraints were found while reading constraint file [/tools/Xilinx/2025.1/Vivado/data/ip/xpm/xpm_memory/tcl/xpm_memory_xdc.tcl]. These constraints will be ignored for synthesis but will be used in implementation. Impacted constraints are listed in the file [.Xil/design_1_axi_smc_1_0_propImpl.xdc].
Resolution: To avoid this warning, move constraints listed in [.Xil/design_1_axi_smc_1_0_propImpl.xdc] to another XDC file and exclude this new file from synthesis with the used_in_synthesis property (File Properties dialog in GUI) and re-run elaboration/synthesis.
INFO: [Project 1-1714] 15 XPM XDC files have been applied to the design.
Completed Processing XDC Constraints

Netlist sorting complete. Time (s): cpu = 00:00:00 ; elapsed = 00:00:00.01 . Memory (MB): peak = 3198.418 ; gain = 0.000 ; free physical = 1795 ; free virtual = 14771
INFO: [Project 1-111] Unisim Transformation Summary:
  A total of 1 instances were transformed.
  SRL16 => SRL16E: 1 instance 

Constraint Validation Runtime : Time (s): cpu = 00:00:00.07 ; elapsed = 00:00:00.06 . Memory (MB): peak = 3207.324 ; gain = 8.871 ; free physical = 1778 ; free virtual = 14754
INFO: [Designutils 20-5008] Incremental synthesis strategy off
---------------------------------------------------------------------------------
Finished Constraint Validation : Time (s): cpu = 00:00:20 ; elapsed = 00:00:21 . Memory (MB): peak = 3207.324 ; gain = 736.195 ; free physical = 587 ; free virtual = 13563
---------------------------------------------------------------------------------
---------------------------------------------------------------------------------
Start Loading Part and Timing Information
---------------------------------------------------------------------------------
Loading part: xczu48dr-ffvg1517-2-e
INFO: [Synth 8-6742] Reading net delay rules and data
---------------------------------------------------------------------------------
Finished Loading Part and Timing Information : Time (s): cpu = 00:00:20 ; elapsed = 00:00:21 . Memory (MB): peak = 3215.328 ; gain = 744.199 ; free physical = 587 ; free virtual = 13563
---------------------------------------------------------------------------------
---------------------------------------------------------------------------------
Start Applying 'set_property' XDC Constraints
---------------------------------------------------------------------------------
---------------------------------------------------------------------------------
Finished applying 'set_property' XDC Constraints : Time (s): cpu = 00:00:20 ; elapsed = 00:00:21 . Memory (MB): peak = 3215.328 ; gain = 744.199 ; free physical = 574 ; free virtual = 13550
---------------------------------------------------------------------------------
INFO: [Synth 8-4490] FSM extraction disabled for register 'gen_pipelined.state_reg' through user attribute
INFO: [Synth 8-4490] FSM extraction disabled for register 'gen_pipelined.state_reg' through user attribute
INFO: [Synth 8-4490] FSM extraction disabled for register 'gen_pipelined.state_reg' through user attribute
INFO: [Synth 8-4490] FSM extraction disabled for register 'gen_pipelined.state_reg' through user attribute
INFO: [Synth 8-802] inferred FSM for state register 'gen_endpoint.r_state_reg' in module 'sc_mmu_v1_0_15_top'
INFO: [Synth 8-4490] FSM extraction disabled for register 'gen_pipelined.state_reg' through user attribute
INFO: [Synth 8-4490] FSM extraction disabled for register 'gen_pipelined.state_reg' through user attribute
---------------------------------------------------------------------------------------------------
                   State |                     New Encoding |                Previous Encoding 
---------------------------------------------------------------------------------------------------
                  iSTATE |                             0001 | 00000000000000000000000000000000
*
                 R_STALL |                             0010 | 00000000000000000000000000000001
               R_PENDING |                             0100 | 00000000000000000000000000000010
                R_DECERR |                             1000 | 00000000000000000000000000000011
---------------------------------------------------------------------------------------------------
INFO: [Synth 8-3354] encoded FSM with state register 'gen_endpoint.r_state_reg' using encoding 'one-hot' in module 'sc_mmu_v1_0_15_top'
---------------------------------------------------------------------------------
Finished RTL Optimization Phase 2 : Time (s): cpu = 00:00:22 ; elapsed = 00:00:22 . Memory (MB): peak = 3215.328 ; gain = 744.199 ; free physical = 217 ; free virtual = 12984
---------------------------------------------------------------------------------
---------------------------------------------------------------------------------
Start RTL Component Statistics 
---------------------------------------------------------------------------------
Detailed RTL Component Info : 
+---Adders : 
	   2 Input    8 Bit       Adders := 1     
	   2 Input    7 Bit       Adders := 2     
	   2 Input    6 Bit       Adders := 19    
	   2 Input    5 Bit       Adders := 3     
	   2 Input    4 Bit       Adders := 6     
	   3 Input    1 Bit       Adders := 1     
+---XORs : 
	   2 Input      1 Bit         XORs := 31    
+---Registers : 
	             2178 Bit    Registers := 2     
	              178 Bit    Registers := 1     
	              156 Bit    Registers := 1     
	               47 Bit    Registers := 1     
	               33 Bit    Registers := 1     
	               32 Bit    Registers := 1     
	               23 Bit    Registers := 1     
	               14 Bit    Registers := 1     
	                8 Bit    Registers := 1     
	                6 Bit    Registers := 10    
	                5 Bit    Registers := 3     
	                4 Bit    Registers := 8     
	                3 Bit    Registers := 16    
	                2 Bit    Registers := 1     
	                1 Bit    Registers := 93    
+---Muxes : 
	   2 Input 2178 Bit        Muxes := 1     
	   2 Input  128 Bit        Muxes := 1     
	   2 Input   47 Bit        Muxes := 1     
	   2 Input   33 Bit        Muxes := 1     
	   2 Input   14 Bit        Muxes := 1     
	   2 Input    8 Bit        Muxes := 1     
	   2 Input    7 Bit        Muxes := 6     
	   4 Input    7 Bit        Muxes := 4     
	   2 Input    6 Bit        Muxes := 4     
	   4 Input    4 Bit        Muxes := 1     
	   4 Input    3 Bit        Muxes := 3     
	   2 Input    3 Bit        Muxes := 4     
	   2 Input    2 Bit        Muxes := 19    
	   2 Input    1 Bit        Muxes := 44    
	   6 Input    1 Bit        Muxes := 19    
	  12 Input    1 Bit        Muxes := 3     
	   4 Input    1 Bit        Muxes := 4     
	   7 Input    1 Bit        Muxes := 2     
---------------------------------------------------------------------------------
Finished RTL Component Statistics 
---------------------------------------------------------------------------------
---------------------------------------------------------------------------------
Start Part Resource Summary
---------------------------------------------------------------------------------
Part Resources:
DSPs: 4272 (col length:192)
BRAMs: 2160 (col length: RAMB18 192 RAMB36 96)
---------------------------------------------------------------------------------
Finished Part Resource Summary
---------------------------------------------------------------------------------
---------------------------------------------------------------------------------
Start Cross Boundary and Area Optimization
---------------------------------------------------------------------------------
WARNING: [Synth 8-7080] Parallel synthesis criteria is not met
WARNING: [Synth 8-3332] Sequential element (clk_map/psr_aclk/U0/FDRE_inst) is unused and will be removed from module bd_a878.
WARNING: [Synth 8-3332] Sequential element (clk_map/psr_aclk/U0/BSR_OUT_DFF[0].FDRE_BSR) is unused and will be removed from module bd_a878.
WARNING: [Synth 8-3332] Sequential element (clk_map/psr_aclk/U0/PR_OUT_DFF[0].FDRE_PER) is unused and will be removed from module bd_a878.
WARNING: [Synth 8-3332] Sequential element (clk_map/psr_aclk/U0/ACTIVE_LOW_PR_OUT_DFF[0].FDRE_PER_N) is unused and will be removed from module bd_a878.
INFO: [Synth 8-3332] Sequential element (FSM_onehot_gen_endpoint.r_state_reg[3]) is unused and will be removed from module sc_mmu_v1_0_15_top.
INFO: [Synth 8-3332] Sequential element (FSM_onehot_gen_endpoint.r_state_reg[2]) is unused and will be removed from module sc_mmu_v1_0_15_top.
INFO: [Synth 8-3332] Sequential element (FSM_onehot_gen_endpoint.r_state_reg[1]) is unused and will be removed from module sc_mmu_v1_0_15_top.
INFO: [Synth 8-3332] Sequential element (FSM_onehot_gen_endpoint.r_state_reg[0]) is unused and will be removed from module sc_mmu_v1_0_15_top.
---------------------------------------------------------------------------------
Finished Cross Boundary and Area Optimization : Time (s): cpu = 00:00:26 ; elapsed = 00:00:26 . Memory (MB): peak = 3215.328 ; gain = 744.199 ; free physical = 340 ; free virtual = 11950
---------------------------------------------------------------------------------
---------------------------------------------------------------------------------
Start ROM, RAM, DSP, Shift Register and Retiming Reporting
---------------------------------------------------------------------------------

Distributed RAM: Preliminary Mapping Report (see note below)
+---------------------------------------------------------------------------------------------------------------------------------------------------------------------------+----------------------------------+----------------+----------------------+----------------+
|Module Name                                                                                                                                                                | RTL Object                       | Inference      | Size (Depth x Width) | Primitives     | 
+---------------------------------------------------------------------------------------------------------------------------------------------------------------------------+----------------------------------+----------------+----------------------+----------------+
|inst/\s00_nodes/s00_aw_node/inst /\inst_mi_handler/gen_normal_area.inst_fifo_node_payld/gen_xpm_memory_fifo.inst_fifo/gen_mem_rep[0].inst_xpm_memory /xpm_memory_base_inst | gen_wr_a.gen_word_narrow.mem_reg | User Attribute | 32 x 156             | RAM32M16 x 12  | 
|inst/\s00_nodes/s00_b_node/inst /\inst_mi_handler/gen_normal_area.inst_fifo_node_payld/gen_xpm_memory_fifo.inst_fifo/gen_mem_rep[0].inst_xpm_memory /xpm_memory_base_inst  | gen_wr_a.gen_word_narrow.mem_reg | User Attribute | 32 x 23              | RAM32M16 x 2   | 
|inst/\s00_nodes/s00_w_node/inst /\inst_mi_handler/gen_normal_area.inst_fifo_node_payld/gen_xpm_memory_fifo.inst_fifo/gen_mem_rep[0].inst_xpm_memory /xpm_memory_base_inst  | gen_wr_a.gen_word_narrow.mem_reg | User Attribute | 32 x 178             | RAM32M16 x 13  | 
+---------------------------------------------------------------------------------------------------------------------------------------------------------------------------+----------------------------------+----------------+----------------------+----------------+

Note: The table above is a preliminary report that shows the Distributed RAMs at the current stage of the synthesis flow. Some Distributed RAMs may be reimplemented as non Distributed RAM primitives later in the synthesis flow. Multiple instantiated RAMs are reported only once.
---------------------------------------------------------------------------------
Finished ROM, RAM, DSP, Shift Register and Retiming Reporting
---------------------------------------------------------------------------------
---------------------------------------------------------------------------------
Start Applying XDC Timing Constraints
---------------------------------------------------------------------------------
---------------------------------------------------------------------------------
Finished Applying XDC Timing Constraints : Time (s): cpu = 00:00:30 ; elapsed = 00:00:31 . Memory (MB): peak = 3540.715 ; gain = 1069.586 ; free physical = 235 ; free virtual = 10561
---------------------------------------------------------------------------------
---------------------------------------------------------------------------------
Start Timing Optimization
---------------------------------------------------------------------------------
---------------------------------------------------------------------------------
Finished Timing Optimization : Time (s): cpu = 00:00:30 ; elapsed = 00:00:31 . Memory (MB): peak = 3565.762 ; gain = 1094.633 ; free physical = 236 ; free virtual = 10462
---------------------------------------------------------------------------------
---------------------------------------------------------------------------------
Start ROM, RAM, DSP, Shift Register and Retiming Reporting
---------------------------------------------------------------------------------

Distributed RAM: Final Mapping Report
+---------------------------------------------------------------------------------------------------------------------------------------------------------------------------+----------------------------------+----------------+----------------------+----------------+
|Module Name                                                                                                                                                                | RTL Object                       | Inference      | Size (Depth x Width) | Primitives     | 
+---------------------------------------------------------------------------------------------------------------------------------------------------------------------------+----------------------------------+----------------+----------------------+----------------+
|inst/\s00_nodes/s00_aw_node/inst /\inst_mi_handler/gen_normal_area.inst_fifo_node_payld/gen_xpm_memory_fifo.inst_fifo/gen_mem_rep[0].inst_xpm_memory /xpm_memory_base_inst | gen_wr_a.gen_word_narrow.mem_reg | User Attribute | 32 x 156             | RAM32M16 x 12  | 
|inst/\s00_nodes/s00_b_node/inst /\inst_mi_handler/gen_normal_area.inst_fifo_node_payld/gen_xpm_memory_fifo.inst_fifo/gen_mem_rep[0].inst_xpm_memory /xpm_memory_base_inst  | gen_wr_a.gen_word_narrow.mem_reg | User Attribute | 32 x 23              | RAM32M16 x 2   | 
|inst/\s00_nodes/s00_w_node/inst /\inst_mi_handler/gen_normal_area.inst_fifo_node_payld/gen_xpm_memory_fifo.inst_fifo/gen_mem_rep[0].inst_xpm_memory /xpm_memory_base_inst  | gen_wr_a.gen_word_narrow.mem_reg | User Attribute | 32 x 178             | RAM32M16 x 13  | 
+---------------------------------------------------------------------------------------------------------------------------------------------------------------------------+----------------------------------+----------------+----------------------+----------------+

---------------------------------------------------------------------------------
Finished ROM, RAM, DSP, Shift Register and Retiming Reporting
---------------------------------------------------------------------------------
---------------------------------------------------------------------------------
Start Technology Mapping
---------------------------------------------------------------------------------
---------------------------------------------------------------------------------
Finished Technology Mapping : Time (s): cpu = 00:00:31 ; elapsed = 00:00:32 . Memory (MB): peak = 3581.777 ; gain = 1110.648 ; free physical = 233 ; free virtual = 10434
---------------------------------------------------------------------------------
---------------------------------------------------------------------------------
Start IO Insertion
---------------------------------------------------------------------------------
---------------------------------------------------------------------------------
Start Flattening Before IO Insertion
---------------------------------------------------------------------------------
---------------------------------------------------------------------------------
Finished Flattening Before IO Insertion
---------------------------------------------------------------------------------
---------------------------------------------------------------------------------
Start Final Netlist Cleanup
---------------------------------------------------------------------------------
---------------------------------------------------------------------------------
Finished Final Netlist Cleanup
---------------------------------------------------------------------------------
---------------------------------------------------------------------------------
Finished IO Insertion : Time (s): cpu = 00:00:33 ; elapsed = 00:00:34 . Memory (MB): peak = 3718.590 ; gain = 1247.461 ; free physical = 255 ; free virtual = 10110
---------------------------------------------------------------------------------
---------------------------------------------------------------------------------
Start Renaming Generated Instances
---------------------------------------------------------------------------------
---------------------------------------------------------------------------------
Finished Renaming Generated Instances : Time (s): cpu = 00:00:33 ; elapsed = 00:00:34 . Memory (MB): peak = 3718.590 ; gain = 1247.461 ; free physical = 255 ; free virtual = 10110
---------------------------------------------------------------------------------
---------------------------------------------------------------------------------
Start Rebuilding User Hierarchy
---------------------------------------------------------------------------------
---------------------------------------------------------------------------------
Finished Rebuilding User Hierarchy : Time (s): cpu = 00:00:33 ; elapsed = 00:00:34 . Memory (MB): peak = 3718.590 ; gain = 1247.461 ; free physical = 231 ; free virtual = 10086
---------------------------------------------------------------------------------
---------------------------------------------------------------------------------
Start Renaming Generated Ports
---------------------------------------------------------------------------------
---------------------------------------------------------------------------------
Finished Renaming Generated Ports : Time (s): cpu = 00:00:33 ; elapsed = 00:00:34 . Memory (MB): peak = 3718.590 ; gain = 1247.461 ; free physical = 231 ; free virtual = 10086
---------------------------------------------------------------------------------
---------------------------------------------------------------------------------
Start Handling Custom Attributes
---------------------------------------------------------------------------------
---------------------------------------------------------------------------------
Finished Handling Custom Attributes : Time (s): cpu = 00:00:33 ; elapsed = 00:00:34 . Memory (MB): peak = 3718.590 ; gain = 1247.461 ; free physical = 231 ; free virtual = 10086
---------------------------------------------------------------------------------
---------------------------------------------------------------------------------
Start Renaming Generated Nets
---------------------------------------------------------------------------------
---------------------------------------------------------------------------------
Finished Renaming Generated Nets : Time (s): cpu = 00:00:33 ; elapsed = 00:00:34 . Memory (MB): peak = 3718.590 ; gain = 1247.461 ; free physical = 231 ; free virtual = 10086
---------------------------------------------------------------------------------
---------------------------------------------------------------------------------
Start ROM, RAM, DSP, Shift Register and Retiming Reporting
---------------------------------------------------------------------------------

Dynamic Shift Register Report:
+------------+---------------+--------+------------+--------+---------+--------+--------+--------+
|Module Name | RTL Name      | Length | Data Width | SRL16E | SRLC32E | Mux F7 | Mux F8 | Mux F9 | 
+------------+---------------+--------+------------+--------+---------+--------+--------+--------+
|dsrl        | shift_reg_reg | 16     | 1          | 1      | 0       | 0      | 0      | 0      | 
+------------+---------------+--------+------------+--------+---------+--------+--------+--------+

---------------------------------------------------------------------------------
Finished ROM, RAM, DSP, Shift Register and Retiming Reporting
---------------------------------------------------------------------------------
---------------------------------------------------------------------------------
Start Writing Synthesis Report
---------------------------------------------------------------------------------

Report BlackBoxes: 
+-+--------------+----------+
| |BlackBox name |Instances |
+-+--------------+----------+
+-+--------------+----------+

Report Cell Usage: 
+------+---------+------+
|      |Cell     |Count |
+------+---------+------+
|1     |LUT1     |    46|
|2     |LUT2     |    32|
|3     |LUT3     |    33|
|4     |LUT4     |    46|
|5     |LUT5     |    59|
|6     |LUT6     |    85|
|7     |RAM32M16 |    18|
|8     |SRL16    |     1|
|9     |SRL16E   |     4|
|10    |FDCE     |    30|
|11    |FDRE     |   329|
|12    |FDSE     |    29|
+------+---------+------+
---------------------------------------------------------------------------------
Finished Writing Synthesis Report : Time (s): cpu = 00:00:33 ; elapsed = 00:00:34 . Memory (MB): peak = 3718.590 ; gain = 1247.461 ; free physical = 231 ; free virtual = 10086
---------------------------------------------------------------------------------
Synthesis finished with 0 errors, 0 critical warnings and 13670 warnings.
Synthesis Optimization Runtime : Time (s): cpu = 00:00:24 ; elapsed = 00:00:25 . Memory (MB): peak = 3718.590 ; gain = 1004.000 ; free physical = 216 ; free virtual = 10071
Synthesis Optimization Complete : Time (s): cpu = 00:00:34 ; elapsed = 00:00:35 . Memory (MB): peak = 3718.590 ; gain = 1247.461 ; free physical = 216 ; free virtual = 10071
INFO: [Project 1-571] Translating synthesized netlist
Netlist sorting complete. Time (s): cpu = 00:00:00.1 ; elapsed = 00:00:00.1 . Memory (MB): peak = 3718.590 ; gain = 0.000 ; free physical = 391 ; free virtual = 10192
INFO: [Netlist 29-17] Analyzing 19 Unisim elements for replacement
INFO: [Netlist 29-28] Unisim Transformation completed in 0 CPU seconds
INFO: [Project 1-570] Preparing netlist for logic optimization
INFO: [Opt 31-138] Pushed 0 inverter(s) to 0 load pin(s).
Netlist sorting complete. Time (s): cpu = 00:00:00 ; elapsed = 00:00:00 . Memory (MB): peak = 3728.301 ; gain = 0.000 ; free physical = 252 ; free virtual = 9998
INFO: [Project 1-111] Unisim Transformation Summary:
  A total of 19 instances were transformed.
  RAM32M16 => RAM32M16 (RAMD32(x14), RAMS32(x2)): 18 instances
  SRL16 => SRL16E: 1 instance 

Synth Design complete | Checksum: 53e15072
INFO: [Common 17-83] Releasing license: Synthesis
112 Infos, 113 Warnings, 0 Critical Warnings and 0 Errors encountered.
synth_design completed successfully
synth_design: Time (s): cpu = 00:00:43 ; elapsed = 00:00:42 . Memory (MB): peak = 3728.336 ; gain = 2140.488 ; free physical = 250 ; free virtual = 9981
INFO: [Common 17-2834] synth_design peak Physical Memory [PSS] (MB): overall = 2611.795; main = 2611.795; forked = 196.891
INFO: [Common 17-2834] synth_design peak Virtual Memory [VSS] (MB): overall = 4399.281; main = 3728.305; forked = 963.867
Write ShapeDB Complete: Time (s): cpu = 00:00:00 ; elapsed = 00:00:00 . Memory (MB): peak = 3752.312 ; gain = 0.000 ; free physical = 250 ; free virtual = 9981
INFO: [Common 17-1381] The checkpoint '/home/cathyhu3/s965/pz2/rfsoc/lab8_adsb/lab6_skid.runs/design_1_axi_smc_1_0_synth_1/design_1_axi_smc_1_0.dcp' has been generated.
INFO: [Coretcl 2-1648] Added synthesis output to IP cache for IP design_1_axi_smc_1_0, cache-ID = 59df7f922fe9025d
INFO: [Coretcl 2-1174] Renamed 75 cell refs.
Write ShapeDB Complete: Time (s): cpu = 00:00:00 ; elapsed = 00:00:00.01 . Memory (MB): peak = 3752.312 ; gain = 0.000 ; free physical = 383 ; free virtual = 10096
INFO: [Common 17-1381] The checkpoint '/home/cathyhu3/s965/pz2/rfsoc/lab8_adsb/lab6_skid.runs/design_1_axi_smc_1_0_synth_1/design_1_axi_smc_1_0.dcp' has been generated.
INFO: [Vivado 12-24828] Executing command : report_utilization -file design_1_axi_smc_1_0_utilization_synth.rpt -pb design_1_axi_smc_1_0_utilization_synth.pb
INFO: [Common 17-206] Exiting Vivado at Mon Nov  3 17:32:35 2025...
